
Discarded input sections

 .comment       0x0000000000000000       0x2f build/main.o
 .comment       0x0000000000000000       0x2f build/mbox.o
 .comment       0x0000000000000000       0x2f build/spi.o
 .comment       0x0000000000000000       0x2f build/timer.o
 .comment       0x0000000000000000       0x2f build/uart.o

Memory Configuration

Name             Origin             Length             Attributes
*default*        0x0000000000000000 0xffffffffffffffff

Linker script and memory map

LOAD build/start.o
LOAD build/main.o
LOAD build/mbox.o
LOAD build/spi.o
LOAD build/timer.o
LOAD build/uart.o
                0x0000000000080000                . = 0x80000

.text           0x0000000000080000      0xcb8
 *(.text.boot)
 .text.boot     0x0000000000080000       0x50 build/start.o
                0x0000000000080000                _start
 *(.text .text.* .gnu.linkonce.t*)
 .text          0x0000000000080050        0x0 build/start.o
 .text          0x0000000000080050      0x460 build/main.o
                0x0000000000080050                xtoa
                0x00000000000801d0                itoc
                0x00000000000802e0                readRegisterMCP23S08
                0x000000000008031c                writeRegisterMCP23S08
                0x0000000000080334                mcp3008Convert
                0x0000000000080348                main
 .text          0x00000000000804b0       0xac build/mbox.o
                0x00000000000804b0                mbox_call
 .text          0x000000000008055c      0x3a8 build/spi.o
                0x000000000008055c                initSPIPins
                0x00000000000806d8                spiFrequency
                0x000000000008070c                spiConfig
                0x0000000000080774                spiCESelect
                0x00000000000807d8                spiTransfer
 .text          0x0000000000080904       0xf8 build/timer.o
                0x0000000000080904                getSystemTimerCounter
                0x000000000008098c                delayus
                0x00000000000809d4                delay
 .text          0x00000000000809fc      0x2bc build/uart.o
                0x00000000000809fc                uart_init
                0x0000000000080b4c                uart_send
                0x0000000000080b8c                uart_getc
                0x0000000000080bdc                uart_puts
                0x0000000000080c38                uart_hex

.iplt           0x0000000000080cb8        0x0
 .iplt          0x0000000000080cb8        0x0 build/start.o

.rodata         0x0000000000080cb8       0x72
 *(.rodata .rodata.* .gnu.linkonce.r*)
 .rodata        0x0000000000080cb8       0x72 build/main.o
                [!provide]                        PROVIDE (_data = .)

.rela.dyn       0x0000000000080d30        0x0
 .rela.iplt     0x0000000000080d30        0x0 build/start.o
 .rela.text.boot
                0x0000000000080d30        0x0 build/start.o

.data           0x0000000000080d2a        0x0
 *(.data .data.* .gnu.linkonce.d*)
 .data          0x0000000000080d2a        0x0 build/start.o
 .data          0x0000000000080d2a        0x0 build/main.o
 .data          0x0000000000080d2a        0x0 build/mbox.o
 .data          0x0000000000080d2a        0x0 build/spi.o
 .data          0x0000000000080d2a        0x0 build/timer.o
 .data          0x0000000000080d2a        0x0 build/uart.o

.igot.plt       0x0000000000080d30        0x0
 .igot.plt      0x0000000000080d30        0x0 build/start.o

.bss            0x0000000000080d30       0x90
                0x0000000000080d30                . = ALIGN (0x10)
                0x0000000000080d30                __bss_start = .
 *(.bss .bss.*)
 .bss           0x0000000000080d30        0x0 build/start.o
 .bss           0x0000000000080d30        0x0 build/main.o
 .bss           0x0000000000080d30       0x90 build/mbox.o
                0x0000000000080d30                mbox
 .bss           0x0000000000080dc0        0x0 build/spi.o
 .bss           0x0000000000080dc0        0x0 build/timer.o
 .bss           0x0000000000080dc0        0x0 build/uart.o
 *(COMMON)
                0x0000000000080dc0                __bss_end = .
                0x0000000000080dc0                _end = .

/DISCARD/
 *(.comment)
 *(.gnu*)
 *(.note*)
 *(.eh_frame*)
                0x0000000000000012                __bss_size = ((__bss_end - __bss_start) >> 0x3)
OUTPUT(kernel8.elf elf64-littleaarch64)
LOAD linker stubs

.debug_info     0x0000000000000000      0x7f5
 .debug_info    0x0000000000000000      0x354 build/main.o
 .debug_info    0x0000000000000354       0xba build/mbox.o
 .debug_info    0x000000000000040e      0x183 build/spi.o
 .debug_info    0x0000000000000591       0xf2 build/timer.o
 .debug_info    0x0000000000000683      0x172 build/uart.o

.debug_abbrev   0x0000000000000000      0x446
 .debug_abbrev  0x0000000000000000      0x161 build/main.o
 .debug_abbrev  0x0000000000000161       0x98 build/mbox.o
 .debug_abbrev  0x00000000000001f9       0x93 build/spi.o
 .debug_abbrev  0x000000000000028c       0xaf build/timer.o
 .debug_abbrev  0x000000000000033b      0x10b build/uart.o

.debug_aranges  0x0000000000000000       0xf0
 .debug_aranges
                0x0000000000000000       0x30 build/main.o
 .debug_aranges
                0x0000000000000030       0x30 build/mbox.o
 .debug_aranges
                0x0000000000000060       0x30 build/spi.o
 .debug_aranges
                0x0000000000000090       0x30 build/timer.o
 .debug_aranges
                0x00000000000000c0       0x30 build/uart.o

.debug_line     0x0000000000000000      0x569
 .debug_line    0x0000000000000000      0x168 build/main.o
 .debug_line    0x0000000000000168       0x93 build/mbox.o
 .debug_line    0x00000000000001fb      0x169 build/spi.o
 .debug_line    0x0000000000000364       0xb3 build/timer.o
 .debug_line    0x0000000000000417      0x152 build/uart.o

.debug_str      0x0000000000000000      0x228
 .debug_str     0x0000000000000000      0x17c build/main.o
                                        0x1b5 (size before relaxing)
 .debug_str     0x000000000000017c        0xf build/mbox.o
                                         0x7e (size before relaxing)
 .debug_str     0x000000000000018b       0x4a build/spi.o
                                         0xe2 (size before relaxing)
 .debug_str     0x00000000000001d5       0x2c build/timer.o
                                         0x98 (size before relaxing)
 .debug_str     0x0000000000000201       0x27 build/uart.o
                                         0xb4 (size before relaxing)

.debug_line_str
                0x0000000000000000       0x7c
 .debug_line_str
                0x0000000000000000       0x3d build/main.o
                                         0x5e (size before relaxing)
 .debug_line_str
                0x000000000000003d        0xe build/mbox.o
                                         0x49 (size before relaxing)
 .debug_line_str
                0x000000000000004b        0xd build/spi.o
                                         0x46 (size before relaxing)
 .debug_line_str
                0x0000000000000058        0xf build/timer.o
                                         0x4c (size before relaxing)
 .debug_line_str
                0x0000000000000067       0x15 build/uart.o
                                         0x50 (size before relaxing)

.debug_frame    0x0000000000000000      0x300
 .debug_frame   0x0000000000000000       0xe0 build/main.o
 .debug_frame   0x00000000000000e0       0x30 build/mbox.o
 .debug_frame   0x0000000000000110       0xa8 build/spi.o
 .debug_frame   0x00000000000001b8       0x80 build/timer.o
 .debug_frame   0x0000000000000238       0xc8 build/uart.o
