
Discarded input sections

 .comment       0x0000000000000000       0x2f build/main.o
 .comment       0x0000000000000000       0x2f build/mbox.o
 .comment       0x0000000000000000       0x2f build/spi.o
 .comment       0x0000000000000000       0x2f build/timer.o
 .comment       0x0000000000000000       0x2f build/uart.o

Memory Configuration

Name             Origin             Length             Attributes
*default*        0x0000000000000000 0xffffffffffffffff

Linker script and memory map

LOAD build/start.o
LOAD build/main.o
LOAD build/mbox.o
LOAD build/spi.o
LOAD build/timer.o
LOAD build/uart.o
                0x0000000000080000                . = 0x80000

.text           0x0000000000080000      0xce8
 *(.text.boot)
 .text.boot     0x0000000000080000       0x50 build/start.o
                0x0000000000080000                _start
 *(.text .text.* .gnu.linkonce.t*)
 .text          0x0000000000080050        0x0 build/start.o
 .text          0x0000000000080050      0x490 build/main.o
                0x0000000000080050                xtoa
                0x00000000000801d0                itoc
                0x00000000000802e0                readRegisterMCP23S08
                0x000000000008031c                writeRegisterMCP23S08
                0x0000000000080360                mcp3008Convert
                0x00000000000803c8                main
 .text          0x00000000000804e0       0xac build/mbox.o
                0x00000000000804e0                mbox_call
 .text          0x000000000008058c      0x3a8 build/spi.o
                0x000000000008058c                initSPIPins
                0x0000000000080708                spiFrequency
                0x000000000008073c                spiConfig
                0x00000000000807a4                spiCESelect
                0x0000000000080808                spiTransfer
 .text          0x0000000000080934       0xf8 build/timer.o
                0x0000000000080934                getSystemTimerCounter
                0x00000000000809bc                delayus
                0x0000000000080a04                delay
 .text          0x0000000000080a2c      0x2bc build/uart.o
                0x0000000000080a2c                uart_init
                0x0000000000080b7c                uart_send
                0x0000000000080bbc                uart_getc
                0x0000000000080c0c                uart_puts
                0x0000000000080c68                uart_hex

.iplt           0x0000000000080ce8        0x0
 .iplt          0x0000000000080ce8        0x0 build/start.o

.rodata         0x0000000000080ce8       0x5b
 *(.rodata .rodata.* .gnu.linkonce.r*)
 .rodata        0x0000000000080ce8       0x5b build/main.o
                [!provide]                        PROVIDE (_data = .)

.rela.dyn       0x0000000000080d48        0x0
 .rela.iplt     0x0000000000080d48        0x0 build/start.o
 .rela.text.boot
                0x0000000000080d48        0x0 build/start.o

.data           0x0000000000080d43        0x0
 *(.data .data.* .gnu.linkonce.d*)
 .data          0x0000000000080d43        0x0 build/start.o
 .data          0x0000000000080d43        0x0 build/main.o
 .data          0x0000000000080d43        0x0 build/mbox.o
 .data          0x0000000000080d43        0x0 build/spi.o
 .data          0x0000000000080d43        0x0 build/timer.o
 .data          0x0000000000080d43        0x0 build/uart.o

.igot.plt       0x0000000000080d48        0x0
 .igot.plt      0x0000000000080d48        0x0 build/start.o

.bss            0x0000000000080d50       0x90
                0x0000000000080d50                . = ALIGN (0x10)
                0x0000000000080d50                __bss_start = .
 *(.bss .bss.*)
 .bss           0x0000000000080d50        0x0 build/start.o
 .bss           0x0000000000080d50        0x0 build/main.o
 .bss           0x0000000000080d50       0x90 build/mbox.o
                0x0000000000080d50                mbox
 .bss           0x0000000000080de0        0x0 build/spi.o
 .bss           0x0000000000080de0        0x0 build/timer.o
 .bss           0x0000000000080de0        0x0 build/uart.o
 *(COMMON)
                0x0000000000080de0                __bss_end = .
                0x0000000000080de0                _end = .

/DISCARD/
 *(.comment)
 *(.gnu*)
 *(.note*)
 *(.eh_frame*)
                0x0000000000000012                __bss_size = ((__bss_end - __bss_start) >> 0x3)
OUTPUT(kernel8.elf elf64-littleaarch64)
LOAD linker stubs

.debug_info     0x0000000000000000      0x84c
 .debug_info    0x0000000000000000      0x3ab build/main.o
 .debug_info    0x00000000000003ab       0xba build/mbox.o
 .debug_info    0x0000000000000465      0x183 build/spi.o
 .debug_info    0x00000000000005e8       0xf2 build/timer.o
 .debug_info    0x00000000000006da      0x172 build/uart.o

.debug_abbrev   0x0000000000000000      0x429
 .debug_abbrev  0x0000000000000000      0x144 build/main.o
 .debug_abbrev  0x0000000000000144       0x98 build/mbox.o
 .debug_abbrev  0x00000000000001dc       0x93 build/spi.o
 .debug_abbrev  0x000000000000026f       0xaf build/timer.o
 .debug_abbrev  0x000000000000031e      0x10b build/uart.o

.debug_aranges  0x0000000000000000       0xf0
 .debug_aranges
                0x0000000000000000       0x30 build/main.o
 .debug_aranges
                0x0000000000000030       0x30 build/mbox.o
 .debug_aranges
                0x0000000000000060       0x30 build/spi.o
 .debug_aranges
                0x0000000000000090       0x30 build/timer.o
 .debug_aranges
                0x00000000000000c0       0x30 build/uart.o

.debug_line     0x0000000000000000      0x581
 .debug_line    0x0000000000000000      0x180 build/main.o
 .debug_line    0x0000000000000180       0x93 build/mbox.o
 .debug_line    0x0000000000000213      0x169 build/spi.o
 .debug_line    0x000000000000037c       0xb3 build/timer.o
 .debug_line    0x000000000000042f      0x152 build/uart.o

.debug_str      0x0000000000000000      0x22d
 .debug_str     0x0000000000000000      0x181 build/main.o
                                        0x1bf (size before relaxing)
 .debug_str     0x0000000000000181        0xf build/mbox.o
                                         0x7e (size before relaxing)
 .debug_str     0x0000000000000190       0x4a build/spi.o
                                         0xe2 (size before relaxing)
 .debug_str     0x00000000000001da       0x2c build/timer.o
                                         0x98 (size before relaxing)
 .debug_str     0x0000000000000206       0x27 build/uart.o
                                         0xb4 (size before relaxing)

.debug_line_str
                0x0000000000000000       0x90
 .debug_line_str
                0x0000000000000000       0x51 build/main.o
                                         0x86 (size before relaxing)
 .debug_line_str
                0x0000000000000051        0xe build/mbox.o
                                         0x71 (size before relaxing)
 .debug_line_str
                0x000000000000005f        0xd build/spi.o
                                         0x6e (size before relaxing)
 .debug_line_str
                0x000000000000006c        0xf build/timer.o
                                         0x74 (size before relaxing)
 .debug_line_str
                0x000000000000007b       0x15 build/uart.o
                                         0x78 (size before relaxing)

.debug_frame    0x0000000000000000      0x310
 .debug_frame   0x0000000000000000       0xf0 build/main.o
 .debug_frame   0x00000000000000f0       0x30 build/mbox.o
 .debug_frame   0x0000000000000120       0xa8 build/spi.o
 .debug_frame   0x00000000000001c8       0x80 build/timer.o
 .debug_frame   0x0000000000000248       0xc8 build/uart.o
