
Discarded input sections

 .comment       0x0000000000000000       0x2f build/main.o
 .comment       0x0000000000000000       0x2f build/mbox.o
 .comment       0x0000000000000000       0x2f build/ssp.o
 .comment       0x0000000000000000       0x2f build/uart.o

Memory Configuration

Name             Origin             Length             Attributes
*default*        0x0000000000000000 0xffffffffffffffff

Linker script and memory map

LOAD build/start.o
LOAD build/main.o
LOAD build/mbox.o
LOAD build/ssp.o
LOAD build/uart.o
                0x0000000000080000                . = 0x80000

.text           0x0000000000080000      0xb6c
 *(.text.boot)
 .text.boot     0x0000000000080000       0x50 build/start.o
                0x0000000000080000                _start
 *(.text .text.* .gnu.linkonce.t*)
 .text          0x0000000000080050        0x0 build/start.o
 .text          0x0000000000080050      0x748 build/main.o
                0x0000000000080050                printUART
                0x0000000000080120                pwm
                0x00000000000801c8                pwm_three
                0x00000000000802a4                pdm_step
                0x0000000000080324                read_pin
                0x0000000000080398                get_system_timer
                0x0000000000080414                sleep_micro_seconds
                0x0000000000080458                gpio_enable_pullup
                0x00000000000804e8                led_red_on
                0x0000000000080500                led_red_off
                0x0000000000080518                blink
                0x000000000008054c                update_mode
                0x0000000000080624                main
 .text          0x0000000000080798       0xac build/mbox.o
                0x0000000000080798                mbox_call
 .text          0x0000000000080844       0x1c build/ssp.o
                0x0000000000080844                __stack_chk_fail
 .text          0x0000000000080860      0x30c build/uart.o
                0x0000000000080860                spin_for_cycles
                0x0000000000080894                uart_init
                0x0000000000080a00                uart_send
                0x0000000000080a40                uart_getc
                0x0000000000080a90                uart_puts
                0x0000000000080aec                uart_hex

.iplt           0x0000000000080b6c        0x0
 .iplt          0x0000000000080b6c        0x0 build/start.o

.rodata         0x0000000000080b70       0x42
 *(.rodata .rodata.* .gnu.linkonce.r*)
 .rodata        0x0000000000080b70       0x1d build/main.o
 *fill*         0x0000000000080b8d        0x3 
 .rodata        0x0000000000080b90       0x22 build/ssp.o
                [!provide]                        PROVIDE (_data = .)

.rela.dyn       0x0000000000080bb8        0x0
 .rela.iplt     0x0000000000080bb8        0x0 build/start.o
 .rela.text.boot
                0x0000000000080bb8        0x0 build/start.o

.data           0x0000000000080bb8       0x48
 *(.data .data.* .gnu.linkonce.d*)
 .data          0x0000000000080bb8        0x0 build/start.o
 .data          0x0000000000080bb8       0x48 build/main.o
                0x0000000000080bb8                prev_sw1
                0x0000000000080bbc                prev_sw2
                0x0000000000080bc0                modes
 .data          0x0000000000080c00        0x0 build/mbox.o
 .data          0x0000000000080c00        0x0 build/ssp.o
 .data          0x0000000000080c00        0x0 build/uart.o

.igot.plt       0x0000000000080c00        0x0
 .igot.plt      0x0000000000080c00        0x0 build/start.o

.bss            0x0000000000080c00       0x90
                0x0000000000080c00                . = ALIGN (0x10)
                0x0000000000080c00                __bss_start = .
 *(.bss .bss.*)
 .bss           0x0000000000080c00        0x0 build/start.o
 .bss           0x0000000000080c00        0x0 build/main.o
 .bss           0x0000000000080c00       0x90 build/mbox.o
                0x0000000000080c00                mbox
 .bss           0x0000000000080c90        0x0 build/ssp.o
 .bss           0x0000000000080c90        0x0 build/uart.o
 *(COMMON)
                0x0000000000080c90                __bss_end = .
                0x0000000000080c90                _end = .

/DISCARD/
 *(.comment)
 *(.gnu*)
 *(.note*)
 *(.eh_frame*)
                0x0000000000000012                __bss_size = ((__bss_end - __bss_start) >> 0x3)
OUTPUT(kernel8.elf elf64-littleaarch64)
LOAD linker stubs

.debug_info     0x0000000000000000      0x80e
 .debug_info    0x0000000000000000      0x543 build/main.o
 .debug_info    0x0000000000000543       0xba build/mbox.o
 .debug_info    0x00000000000005fd       0x68 build/ssp.o
 .debug_info    0x0000000000000665      0x1a9 build/uart.o

.debug_abbrev   0x0000000000000000      0x45e
 .debug_abbrev  0x0000000000000000      0x240 build/main.o
 .debug_abbrev  0x0000000000000240       0x98 build/mbox.o
 .debug_abbrev  0x00000000000002d8       0x60 build/ssp.o
 .debug_abbrev  0x0000000000000338      0x126 build/uart.o

.debug_aranges  0x0000000000000000       0xc0
 .debug_aranges
                0x0000000000000000       0x30 build/main.o
 .debug_aranges
                0x0000000000000030       0x30 build/mbox.o
 .debug_aranges
                0x0000000000000060       0x30 build/ssp.o
 .debug_aranges
                0x0000000000000090       0x30 build/uart.o

.debug_line     0x0000000000000000      0x53b
 .debug_line    0x0000000000000000      0x2e7 build/main.o
 .debug_line    0x00000000000002e7       0x93 build/mbox.o
 .debug_line    0x000000000000037a       0x58 build/ssp.o
 .debug_line    0x00000000000003d2      0x169 build/uart.o

.debug_str      0x0000000000000000      0x20a
 .debug_str     0x0000000000000000      0x1a5 build/main.o
                                        0x1bc (size before relaxing)
 .debug_str     0x00000000000001a5       0x1d build/mbox.o
                                         0x7e (size before relaxing)
 .debug_str     0x00000000000001c2       0x11 build/ssp.o
                                         0x62 (size before relaxing)
 .debug_str     0x00000000000001d3       0x37 build/uart.o
                                         0xc4 (size before relaxing)

.debug_line_str
                0x0000000000000000       0x73
 .debug_line_str
                0x0000000000000000       0x43 build/main.o
                                         0x78 (size before relaxing)
 .debug_line_str
                0x0000000000000043        0xe build/mbox.o
                                         0x71 (size before relaxing)
 .debug_line_str
                0x0000000000000051        0xd build/ssp.o
                                         0x75 (size before relaxing)
 .debug_line_str
                0x000000000000005e       0x15 build/uart.o
                                         0x78 (size before relaxing)

.debug_frame    0x0000000000000000      0x368
 .debug_frame   0x0000000000000000      0x218 build/main.o
 .debug_frame   0x0000000000000218       0x30 build/mbox.o
 .debug_frame   0x0000000000000248       0x30 build/ssp.o
 .debug_frame   0x0000000000000278       0xf0 build/uart.o
